/* istanbul ignore file */
/* tslint:disable */
/* eslint-disable */

export { ApiError } from '././core/ApiError';
export { RequestConfig, RequestExecutor } from '././core/executor/requestExecutor';
export { createExecutorAdapter } from '././core/executor/createExecutorAdapter';
export { OpenAPI } from '././core/OpenAPI';
export type { TOpenAPIConfig } from '././core/OpenAPI';

export type { IDictionaryWithReference } from '././models/DictionaryWithReference';
export type { IModelWithArray } from '././models/ModelWithArray';
export type { IModelWithCircularReference } from '././models/ModelWithCircularReference';
export type { IModelWithDictionary } from '././models/ModelWithDictionary';
export { IModelWithEnumInteger } from '././models/ModelWithEnumInteger';
export type { IModelWithInteger } from '././models/ModelWithInteger';
export type { IModelWithProperties } from '././models/ModelWithProperties';
export type { IModelWithString } from '././models/ModelWithString';
export type { TModelThatExtends } from '././models/ModelThatExtends';
export type { TModelThatExtendsExtends } from '././models/ModelThatExtendsExtends';

export { V2Service } from '././services/V2Service';
export { SimpleService } from '././services/SimpleService';
export { ParametersService } from '././services/ParametersService';
export { DefaultsService } from '././services/DefaultsService';
export { DuplicateService } from '././services/DuplicateService';
export { NoContentService } from '././services/NoContentService';
export { ResponseService } from '././services/ResponseService';
export { CollectionFormatService } from '././services/CollectionFormatService';
export { TypesService } from '././services/TypesService';
export { ComplexService } from '././services/ComplexService';
export { HeaderService } from '././services/HeaderService';

export { ClientOptions, createClient } from './createClient';
