/* istanbul ignore file */
/* tslint:disable */
/* eslint-disable */

export const ModelThatExtendsExtendsSchema = {
    type: 'all-of',
    contains: [
        {
            type: 'ModelWithString',
        },
        {
            type: 'ModelThatExtends',
        },
        {
            properties: {
                propExtendsC: {
                    type: 'string',
                },
                propExtendsD: {
                    type: 'ModelWithString',
                },
            },
        },
    ],
};
