/* istanbul ignore file */
/* tslint:disable */
/* eslint-disable */

import { request as __request } from './../core/request';
import type { ApiRequestOptions } from './../core/ApiRequestOptions';
import { OpenAPI } from './../core/OpenAPI';

const collectionFormat = (
    parameterArrayCsv: Array<string> | null,
    parameterArraySsv: Array<string> | null,
    parameterArrayTsv: Array<string> | null,
    parameterArrayPipes: Array<string> | null,
    parameterArrayMulti: Array<string> | null,
): ApiRequestOptions => ({
    method: 'GET',
    path: `/api/v{api-version}/collectionFormat`,
    query: {
        parameterArrayCSV: parameterArrayCsv,
        parameterArraySSV: parameterArraySsv,
        parameterArrayTSV: parameterArrayTsv,
        parameterArrayPipes: parameterArrayPipes,
        parameterArrayMulti: parameterArrayMulti,
    },
});

export type TCollectionFormatOptions = {
    collectionFormat: (
        parameterArrayCsv: Array<string> | null,
        parameterArraySsv: Array<string> | null,
        parameterArrayTsv: Array<string> | null,
        parameterArrayPipes: Array<string> | null,
        parameterArrayMulti: Array<string> | null,
    ) => ApiRequestOptions;
};

export const CollectionFormatOptions: TCollectionFormatOptions = {
    collectionFormat: collectionFormat,
};

export class CollectionFormatService {
    /**
     * @param parameterArrayCsv This is an array parameter that is send as csv format (comma-separated values)
     * @param parameterArraySsv This is an array parameter that is send as ssv format (space-separated values)
     * @param parameterArrayTsv This is an array parameter that is send as tsv format (tab-separated values)
     * @param parameterArrayPipes This is an array parameter that is send as pipes format (pipe-separated values)
     * @param parameterArrayMulti This is an array parameter that is send as multi format (multiple parameter instances)
     * @throws ApiError
     */
    public static collectionFormat(
        parameterArrayCsv: Array<string> | null,
        parameterArraySsv: Array<string> | null,
        parameterArrayTsv: Array<string> | null,
        parameterArrayPipes: Array<string> | null,
        parameterArrayMulti: Array<string> | null,
    ): Promise<void> {
        return __request<void>(
            CollectionFormatOptions.collectionFormat(
                parameterArrayCsv,
                parameterArraySsv,
                parameterArrayTsv,
                parameterArrayPipes,
                parameterArrayMulti,
            ),
            OpenAPI,
        );
    }
}
