/* istanbul ignore file */
/* tslint:disable */
/* eslint-disable */

import type { RequestExecutor, RequestConfig } from '../core/request-executor';

const collectionFormat = (
    parameterArrayCsv: Array<string> | null,
    parameterArraySsv: Array<string> | null,
    parameterArrayTsv: Array<string> | null,
    parameterArrayPipes: Array<string> | null,
    parameterArrayMulti: Array<string> | null,
): RequestConfig => ({
    method: 'GET',
    path: `/api/v{api-version}/collectionFormat`,

    query: {
        parameterArrayCSV: parameterArrayCsv,
        parameterArraySSV: parameterArraySsv,
        parameterArrayTSV: parameterArrayTsv,
        parameterArrayPipes: parameterArrayPipes,
        parameterArrayMulti: parameterArrayMulti,
    },
});

export type TCollectionFormatOptions = {
    collectionFormat: (
        parameterArrayCsv: Array<string> | null,
        parameterArraySsv: Array<string> | null,
        parameterArrayTsv: Array<string> | null,
        parameterArrayPipes: Array<string> | null,
        parameterArrayMulti: Array<string> | null,
    ) => RequestConfig;
};

export const CollectionFormatOptions: TCollectionFormatOptions = {
    collectionFormat: collectionFormat,
};

export class CollectionFormatService<TOptions = unknown> {
    constructor(private readonly executor: RequestExecutor<TOptions>) {}

    /**
     * @param parameterArrayCsv This is an array parameter that is send as csv format (comma-separated values)
     * @param parameterArraySsv This is an array parameter that is send as ssv format (space-separated values)
     * @param parameterArrayTsv This is an array parameter that is send as tsv format (tab-separated values)
     * @param parameterArrayPipes This is an array parameter that is send as pipes format (pipe-separated values)
     * @param parameterArrayMulti This is an array parameter that is send as multi format (multiple parameter instances)
     * @throws ApiError
     */
    public collectionFormat(
        parameterArrayCsv: Array<string> | null,
        parameterArraySsv: Array<string> | null,
        parameterArrayTsv: Array<string> | null,
        parameterArrayPipes: Array<string> | null,
        parameterArrayMulti: Array<string> | null,
        options?: TOptions,
    ): Promise<void> {
        return this.executor.request<void>(
            CollectionFormatOptions.collectionFormat(
                parameterArrayCsv,
                parameterArraySsv,
                parameterArrayTsv,
                parameterArrayPipes,
                parameterArrayMulti,
            ),
            options,
        );
    }
}
