/* istanbul ignore file */
/* tslint:disable */
/* eslint-disable */

import type { EEnumWithNumbers } from '../models/EnumWithNumbers';
import type { EEnumWithStrings } from '../models/EnumWithStrings';
import type { EEnumWithStringsWithType } from '../models/EnumWithStringsWithType';
import type { RequestExecutor, RequestConfig } from '../core/requestExecutor';

const callWithEnums = (requestBody?: {
    enumWithNumbers?: EEnumWithNumbers;
    enumWithStrings?: EEnumWithStrings;
    enumWithStringsWithType?: EEnumWithStringsWithType;
}): RequestConfig => ({
    method: 'POST',
    path: `/api/v{api-version}/enums`,

    body: requestBody,
    requestMediaType: 'application/json; charset=utf-8',
});

export type TEnumsOptions = {
    callWithEnums: (requestBody?: {
        enumWithNumbers?: EEnumWithNumbers;
        enumWithStrings?: EEnumWithStrings;
        enumWithStringsWithType?: EEnumWithStringsWithType;
    }) => RequestConfig;
};

export const EnumsOptions: TEnumsOptions = {
    callWithEnums: callWithEnums,
};

export class EnumsService<TOptions = unknown> {
    constructor(private readonly executor: RequestExecutor<TOptions>) {}

    /**
     * @param requestBody
     * @throws ApiError
     */
    public callWithEnums(
        requestBody?: {
            enumWithNumbers?: EEnumWithNumbers;
            enumWithStrings?: EEnumWithStrings;
            enumWithStringsWithType?: EEnumWithStringsWithType;
        },
        options?: TOptions,
    ): Promise<void> {
        return this.executor.request<void>(EnumsOptions.callWithEnums(requestBody), options);
    }
}
