/* istanbul ignore file */
/* tslint:disable */
/* eslint-disable */

import type { TModelThatExtendsExtends } from '../models/ModelThatExtendsExtends';
import type { TModelThatExtends } from '../models/ModelThatExtends';
import type { IModelWithString } from '../models/ModelWithString';
import type { RequestExecutor, RequestConfig } from '../core/request-executor';

const callWithResponse = (): RequestConfig => ({
    method: 'GET',
    path: `/api/v{api-version}/response`,
});

const callWithDuplicateResponses = (): RequestConfig => ({
    method: 'POST',
    path: `/api/v{api-version}/response`,
    errors: {
        500: `Message for 500 error`,
        501: `Message for 501 error`,
        502: `Message for 502 error`,
    },
});

const callWithResponses = (): RequestConfig => ({
    method: 'PUT',
    path: `/api/v{api-version}/response`,
    errors: {
        500: `Message for 500 error`,
        501: `Message for 501 error`,
        502: `Message for 502 error`,
    },
});

export type TResponseOptions = {
    callWithResponse: () => RequestConfig;
    callWithDuplicateResponses: () => RequestConfig;
    callWithResponses: () => RequestConfig;
};

export const ResponseOptions: TResponseOptions = {
    callWithResponse: callWithResponse,
    callWithDuplicateResponses: callWithDuplicateResponses,
    callWithResponses: callWithResponses,
};

export class ResponseService<TOptions = unknown> {
    constructor(private readonly executor: RequestExecutor<TOptions>) {}

    /**
     * @returns IModelWithString
     * @throws ApiError
     */
    public callWithResponse(options?: TOptions): Promise<IModelWithString> {
        return this.executor.request<IModelWithString>(ResponseOptions.callWithResponse(), options);
    }
    /**
     * @returns IModelWithString Message for default response
     * @throws ApiError
     */
    public callWithDuplicateResponses(options?: TOptions): Promise<IModelWithString> {
        return this.executor.request<IModelWithString>(ResponseOptions.callWithDuplicateResponses(), options);
    }
    /**
     * @returns any Message for 200 response
     * @returns IModelWithString Message for default response
     * @returns TModelThatExtends Message for 201 response
     * @returns TModelThatExtendsExtends Message for 202 response
     * @throws ApiError
     */
    public callWithResponses(options?: TOptions): Promise<
        | {
              readonly '@namespace.string'?: string;
              readonly '@namespace.integer'?: number;
              readonly value?: Array<IModelWithString>;
          }
        | IModelWithString
        | TModelThatExtends
        | TModelThatExtendsExtends
    > {
        return this.executor.request<
            | {
                  readonly '@namespace.string'?: string;
                  readonly '@namespace.integer'?: number;
                  readonly value?: Array<IModelWithString>;
              }
            | IModelWithString
            | TModelThatExtends
            | TModelThatExtendsExtends
        >(ResponseOptions.callWithResponses(), options);
    }
}
