/* istanbul ignore file */
/* tslint:disable */
/* eslint-disable */

import type { IModelWithString } from '../models/ModelWithString';
import type { RequestExecutor, RequestConfig } from '../core/request-executor';

const complexTypes = (
    parameterObject: {
        first?: {
            second?: {
                third?: string;
            };
        };
    },
    parameterReference: IModelWithString,
): RequestConfig => ({
    method: 'GET',
    path: `/api/v{api-version}/complex`,
    query: {
        parameterObject: parameterObject,
        parameterReference: parameterReference,
    },
    errors: {
        400: `400 server error`,
        500: `500 server error`,
    },
});

export type TComplexOptions = {
    complexTypes: (
        parameterObject: {
            first?: {
                second?: {
                    third?: string;
                };
            };
        },
        parameterReference: IModelWithString,
    ) => RequestConfig;
};

export const ComplexOptions: TComplexOptions = {
    complexTypes: complexTypes,
};

export class ComplexService<TOptions = unknown> {
    constructor(private readonly executor: RequestExecutor<TOptions>) {}

    /**
     * @param parameterObject Parameter containing object
     * @param parameterReference Parameter containing reference
     * @returns IModelWithString Successful response
     * @throws ApiError
     */
    public complexTypes(
        parameterObject: {
            first?: {
                second?: {
                    third?: string;
                };
            };
        },
        parameterReference: IModelWithString,

        options?: TOptions,
    ): Promise<Array<IModelWithString>> {
        return this.executor.request<Array<IModelWithString>>(
            ComplexOptions.complexTypes(parameterObject, parameterReference),
            options,
        );
    }
}
