/* istanbul ignore file */
/* tslint:disable */
/* eslint-disable */

import type { RequestExecutor, RequestConfig } from '../core/request-executor';

const callWithParameters = (
    parameterHeader: string,

    parameterQuery: string,

    parameterForm: string,

    parameterBody: string,

    parameterPath: string,
): RequestConfig => ({
    method: 'GET',
    path: `/api/v{api-version}/parameters/${parameterPath}`,

    headers: {
        parameterHeader: parameterHeader,
    },

    query: {
        parameterQuery: parameterQuery,
    },

    body: {
        parameterForm: parameterForm,
    },
    requestMediaType: 'multipart/form-data',
});

const callWithWeirdParameterNames = (
    parameterHeader: string,

    parameterQuery: string,

    parameterForm: string,

    parameterBody: string,

    parameterPath1?: string,

    parameterPath2?: string,

    parameterPath3?: string,

    /**
     * [WARN] Be careful! A reserved system word is used!
     */
    _default?: string,
): RequestConfig => ({
    method: 'GET',
    path: `/api/v{api-version}/parameters/${parameterPath1}/${parameterPath2}/${parameterPath3}`,

    headers: {
        'parameter.header': parameterHeader,
    },

    query: {
        'parameter-query': parameterQuery,
        default: _default,
    },

    body: {
        parameter_form: parameterForm,
    },
    requestMediaType: 'multipart/form-data',
});

export type TParametersOptions = {
    callWithParameters: (
        parameterHeader: string,

        parameterQuery: string,

        parameterForm: string,

        parameterBody: string,

        parameterPath: string,
    ) => RequestConfig;
    callWithWeirdParameterNames: (
        parameterHeader: string,

        parameterQuery: string,

        parameterForm: string,

        parameterBody: string,

        parameterPath1?: string,

        parameterPath2?: string,

        parameterPath3?: string,

        /**
         * [WARN] Be careful! A reserved system word is used!
         */
        _default?: string,
    ) => RequestConfig;
};

export const ParametersOptions: TParametersOptions = {
    callWithParameters: callWithParameters,
    callWithWeirdParameterNames: callWithWeirdParameterNames,
};

export class ParametersService<TOptions = unknown> {
    constructor(private readonly executor: RequestExecutor<TOptions>) {}

    /**
     * @param parameterHeader This is the parameter that goes into the header
     * @param parameterQuery This is the parameter that goes into the query params
     * @param parameterForm This is the parameter that goes into the form data
     * @param parameterBody This is the parameter that is send as request body
     * @param parameterPath This is the parameter that goes into the path
     * @throws ApiError
     */
    public callWithParameters(
        parameterHeader: string,

        parameterQuery: string,

        parameterForm: string,

        parameterBody: string,

        parameterPath: string,

        options?: TOptions,
    ): Promise<void> {
        return this.executor.request<void>(
            ParametersOptions.callWithParameters(
                parameterHeader,
                parameterQuery,
                parameterForm,
                parameterBody,
                parameterPath,
            ),
            options,
        );
    }
    /**
     * @param parameterHeader This is the parameter that goes into the request header
     * @param parameterQuery This is the parameter that goes into the request query params
     * @param parameterForm This is the parameter that goes into the request form data
     * @param parameterBody This is the parameter that is send as request body
     * @param parameterPath1 This is the parameter that goes into the path
     * @param parameterPath2 This is the parameter that goes into the path
     * @param parameterPath3 This is the parameter that goes into the path
     * @param _default This is the parameter with a reserved keyword
     * @throws ApiError
     */
    public callWithWeirdParameterNames(
        parameterHeader: string,

        parameterQuery: string,

        parameterForm: string,

        parameterBody: string,

        parameterPath1?: string,

        parameterPath2?: string,

        parameterPath3?: string,

        /**
         * [WARN] Be careful! A reserved system word is used!
         */
        _default?: string,

        options?: TOptions,
    ): Promise<void> {
        return this.executor.request<void>(
            ParametersOptions.callWithWeirdParameterNames(
                parameterHeader,
                parameterQuery,
                parameterForm,
                parameterBody,
                parameterPath1,
                parameterPath2,
                parameterPath3,
                _default,
            ),
            options,
        );
    }
}
