/* istanbul ignore file */
/* tslint:disable */
/* eslint-disable */

import type { RequestExecutor, RequestConfig } from '../core/request-executor';

const types = (
    parameterArray: Array<string>,
    parameterDictionary: Record<string, string>,
    parameterEnum: 'Success' | 'Warning' | 'Error',
    parameterNumber: number = 123,
    parameterString: string = 'default',
    parameterBoolean: boolean = true,
    parameterObject: any = null,
    id?: number,
): RequestConfig => ({
    method: 'GET',
    path: `/api/v{api-version}/types`,
    query: {
        parameterArray: parameterArray,
        parameterDictionary: parameterDictionary,
        parameterEnum: parameterEnum,
        parameterNumber: parameterNumber,
        parameterString: parameterString,
        parameterBoolean: parameterBoolean,
        parameterObject: parameterObject,
    },
});

export type TTypesOptions = {
    types: (
        parameterArray: Array<string>,
        parameterDictionary: Record<string, string>,
        parameterEnum: 'Success' | 'Warning' | 'Error',
        parameterNumber?: number,

        parameterString?: string,

        parameterBoolean?: boolean,

        parameterObject?: any,

        id?: number,
    ) => RequestConfig;
};

export const TypesOptions: TTypesOptions = {
    types: types,
};

export class TypesService<TOptions = unknown> {
    constructor(private readonly executor: RequestExecutor<TOptions>) {}

    /**
     * @param parameterArray This is an array parameter
     * @param parameterDictionary This is a dictionary parameter
     * @param parameterEnum This is an enum parameter
     * @param parameterNumber This is a number parameter
     * @param parameterString This is a string parameter
     * @param parameterBoolean This is a boolean parameter
     * @param parameterObject This is an object parameter
     * @param id This is a number parameter
     * @returns number Response is a simple number
     * @returns string Response is a simple string
     * @returns boolean Response is a simple boolean
     * @returns any Response is a simple object
     * @throws ApiError
     */
    public types(
        parameterArray: Array<string>,
        parameterDictionary: Record<string, string>,
        parameterEnum: 'Success' | 'Warning' | 'Error',
        parameterNumber: number = 123,
        parameterString: string = 'default',
        parameterBoolean: boolean = true,
        parameterObject: any = null,
        id?: number,

        options?: TOptions,
    ): Promise<number | string | boolean | any> {
        return this.executor.request<number | string | boolean | any>(
            TypesOptions.types(
                parameterArray,
                parameterDictionary,
                parameterEnum,
                parameterNumber,
                parameterString,
                parameterBoolean,
                parameterObject,
                id,
            ),
            options,
        );
    }
}
