/* istanbul ignore file */
/* tslint:disable */
/* eslint-disable */

import type { IDictionaryWithReference } from '../models/DictionaryWithReference';
import type { IModelWithArray } from '../models/ModelWithArray';
import type { IModelWithDictionary } from '../models/ModelWithDictionary';
import type { IModelWithEnumInteger } from '../models/ModelWithEnumInteger';
import type { RequestExecutor, RequestConfig } from '../core/requestExecutor';

const getCallWithModelWithDictionaryReference = (): RequestConfig => ({
    method: 'GET',
    path: `/api/v{api-version}/getModelWithDictionaryReference`,
});

const getCallWithModelWithDictionary = (): RequestConfig => ({
    method: 'GET',
    path: `/api/v{api-version}/getModelWithDictionary`,
});

const getCallWithSimpleInteger = (): RequestConfig => ({
    method: 'GET',
    path: `/api/v{api-version}/simpleEnum`,
});

const getCallWithModelArray = (): RequestConfig => ({
    method: 'GET',
    path: `/api/v{api-version}/getModelWithArray`,
});

export type TV2Options = {
    getCallWithModelWithDictionaryReference: () => RequestConfig;
    getCallWithModelWithDictionary: () => RequestConfig;
    getCallWithSimpleInteger: () => RequestConfig;
    getCallWithModelArray: () => RequestConfig;
};

export const V2Options: TV2Options = {
    getCallWithModelWithDictionaryReference: getCallWithModelWithDictionaryReference,
    getCallWithModelWithDictionary: getCallWithModelWithDictionary,
    getCallWithSimpleInteger: getCallWithSimpleInteger,
    getCallWithModelArray: getCallWithModelArray,
};

export class V2Service<TOptions = unknown> {
    constructor(private readonly executor: RequestExecutor<TOptions>) {}

    /**
     * @returns IDictionaryWithReference Message for default response
     * @throws ApiError
     */
    public getCallWithModelWithDictionaryReference(options?: TOptions): Promise<IDictionaryWithReference> {
        return this.executor.request<IDictionaryWithReference>(
            V2Options.getCallWithModelWithDictionaryReference(),
            options,
        );
    }
    /**
     * @returns IModelWithDictionary Message for default response
     * @throws ApiError
     */
    public getCallWithModelWithDictionary(options?: TOptions): Promise<IModelWithDictionary> {
        return this.executor.request<IModelWithDictionary>(V2Options.getCallWithModelWithDictionary(), options);
    }
    /**
     * @returns IModelWithEnumInteger Message for default response
     * @throws ApiError
     */
    public getCallWithSimpleInteger(options?: TOptions): Promise<IModelWithEnumInteger> {
        return this.executor.request<IModelWithEnumInteger>(V2Options.getCallWithSimpleInteger(), options);
    }
    /**
     * @returns IModelWithArray Message for default response
     * @throws ApiError
     */
    public getCallWithModelArray(options?: TOptions): Promise<IModelWithArray> {
        return this.executor.request<IModelWithArray>(V2Options.getCallWithModelArray(), options);
    }
}
