/* istanbul ignore file */
/* tslint:disable */
/* eslint-disable */

import type { RequestExecutor, RequestConfig } from '../core/executor/requestExecutor';
import type { ApiResult } from '../core/ApiResult';

const getCallWithModelWithDictionaryReference = (): RequestConfig => ({
    method: 'GET',
    path: `/api/v{api-version}/getModelWithDictionaryReference`,
});

const getCallWithModelWithDictionary = (): RequestConfig => ({
    method: 'GET',
    path: `/api/v{api-version}/getModelWithDictionary`,
});

const getCallWithSimpleInteger = (): RequestConfig => ({
    method: 'GET',
    path: `/api/v{api-version}/simpleEnum`,
});

const getCallWithModelArray = (): RequestConfig => ({
    method: 'GET',
    path: `/api/v{api-version}/getModelWithArray`,
});

export type TV2Options = {
    getCallWithModelWithDictionaryReference: () => RequestConfig;
    getCallWithModelWithDictionary: () => RequestConfig;
    getCallWithSimpleInteger: () => RequestConfig;
    getCallWithModelArray: () => RequestConfig;
};

export const V2Options: TV2Options = {
    getCallWithModelWithDictionaryReference: getCallWithModelWithDictionaryReference,
    getCallWithModelWithDictionary: getCallWithModelWithDictionary,
    getCallWithSimpleInteger: getCallWithSimpleInteger,
    getCallWithModelArray: getCallWithModelArray,
};

export class V2Service<TOptions = unknown> {
    constructor(private readonly executor: RequestExecutor<TOptions>) {}

    /**
     * @returns void
     * @throws ApiError
     */
    public getCallWithModelWithDictionaryReference(options?: TOptions): Promise<void> {
        return this.executor.request<void>(V2Options.getCallWithModelWithDictionaryReference(), options);
    }

    public getCallWithModelWithDictionaryReferenceRaw(options?: TOptions): Promise<ApiResult<void>> {
        return this.executor.requestRaw<void>(V2Options.getCallWithModelWithDictionaryReference(), options);
    }
    /**
     * @returns void
     * @throws ApiError
     */
    public getCallWithModelWithDictionary(options?: TOptions): Promise<void> {
        return this.executor.request<void>(V2Options.getCallWithModelWithDictionary(), options);
    }

    public getCallWithModelWithDictionaryRaw(options?: TOptions): Promise<ApiResult<void>> {
        return this.executor.requestRaw<void>(V2Options.getCallWithModelWithDictionary(), options);
    }
    /**
     * @returns void
     * @throws ApiError
     */
    public getCallWithSimpleInteger(options?: TOptions): Promise<void> {
        return this.executor.request<void>(V2Options.getCallWithSimpleInteger(), options);
    }

    public getCallWithSimpleIntegerRaw(options?: TOptions): Promise<ApiResult<void>> {
        return this.executor.requestRaw<void>(V2Options.getCallWithSimpleInteger(), options);
    }
    /**
     * @returns void
     * @throws ApiError
     */
    public getCallWithModelArray(options?: TOptions): Promise<void> {
        return this.executor.request<void>(V2Options.getCallWithModelArray(), options);
    }

    public getCallWithModelArrayRaw(options?: TOptions): Promise<ApiResult<void>> {
        return this.executor.requestRaw<void>(V2Options.getCallWithModelArray(), options);
    }
}
