/* istanbul ignore file */
/* tslint:disable */
/* eslint-disable */

import { TModelThatExtendsSchema } from './ModelThatExtends';
import { IModelWithStringSchema } from './ModelWithString';

import Ajv from 'ajv';
import addFormats from 'ajv-formats';

const ajv = new Ajv({ allErrors: true });
addFormats(ajv);

export const TModelThatExtendsExtendsSchema = {
    allOf: [
        IModelWithStringSchema,
        TModelThatExtendsSchema,
        {
            type: 'object',
            properties: {
                propExtendsC: {
                    type: 'string',
                },
                propExtendsD: IModelWithStringSchema,
            },

            additionalProperties: false,
        },
    ],
};

export type TModelThatExtendsExtends = any; // JSON Schema doesn't provide type inference

export function validateTModelThatExtendsExtends(
    data: unknown,
): { valid: true; data: TModelThatExtendsExtends } | { valid: false; errors: Ajv.ErrorObject[] } {
    const validate = ajv.compile(TModelThatExtendsExtendsSchema);
    const valid = validate(data);
    if (valid) {
        return { valid: true, data: data as TModelThatExtendsExtends };
    }
    return { valid: false, errors: validate.errors || [] };
}

export function validateTModelThatExtendsExtendsSync(data: unknown): TModelThatExtendsExtends {
    const validate = ajv.compile(TModelThatExtendsExtendsSchema);
    const valid = validate(data);
    if (!valid) {
        throw new Error(ajv.errorsText(validate.errors));
    }
    return data as TModelThatExtendsExtends;
}
