/* istanbul ignore file */
/* tslint:disable */
/* eslint-disable */

export const ModelWithEnumSchema = {
    properties: {
        test: {
            type: 'Enum',
        },
        statusCode: {
            type: 'Enum',
        },
        bool: {
            type: 'boolean',
        },
    },
};
