/* istanbul ignore file */
/* tslint:disable */
/* eslint-disable */

import type { IModelWithString as IModelWithString$1 } from './../base/ModelWithString';

/**
 * This is a model that extends another model
 */
export type TModelThatExtends = IModelWithString$1 & {
    propExtendsA?: string;
    propExtendsB?: IModelWithString$1;
};
