/* istanbul ignore file */
/* tslint:disable */
/* eslint-disable */

export { ApiError } from '././core/ApiError';
export { RequestConfig, RequestExecutor } from '././core/executor/requestExecutor';
export { createExecutorAdapter } from '././core/executor/createExecutorAdapter';
export { OpenAPI } from '././core/OpenAPI';
export type { TOpenAPIConfig } from '././core/OpenAPI';

export type { Advancements } from '././models/requests/Advancements';
export type { BadRequest } from '././models/components/responses/BadRequest';
export type { IAdvancementRequest } from '././models/components/schemas/AdvancementRequest';
export type { IAdvancementResult } from '././models/components/schemas/AdvancementResult';
export type { IIngredient } from '././models/components/schemas/Ingredient';
export type { IPathway } from '././models/components/schemas/Pathway';
export type { IProblemDetails } from '././models/components/schemas/ProblemDetails';
export type { ISequence } from '././models/components/schemas/Sequence';
export type { IngredientsBySequence } from '././models/requests/IngredientsBySequence';
export type { LomApi } from '././models/LomApi';
export type { NotFound } from '././models/components/responses/NotFound';
export type { Pathways } from '././models/requests/Pathways';
export type { PathwaysById } from '././models/requests/PathwaysById';
export type { PathwaysSequences } from '././models/requests/PathwaysSequences';
export type { SequenceById } from '././models/requests/SequenceById';

export { AdvancementsSchema } from '././schemas/requests/AdvancementsSchema';
export { BadRequestSchema } from '././schemas/components/responses/BadRequestSchema';
export { IAdvancementRequestSchema } from '././schemas/components/schemas/AdvancementRequestSchema';
export { IAdvancementResultSchema } from '././schemas/components/schemas/AdvancementResultSchema';
export { IIngredientSchema } from '././schemas/components/schemas/IngredientSchema';
export { IPathwaySchema } from '././schemas/components/schemas/PathwaySchema';
export { IProblemDetailsSchema } from '././schemas/components/schemas/ProblemDetailsSchema';
export { ISequenceSchema } from '././schemas/components/schemas/SequenceSchema';
export { IngredientsBySequenceSchema } from '././schemas/requests/IngredientsBySequenceSchema';
export { LomApiSchema } from '././schemas/LomApiSchema';
export { NotFoundSchema } from '././schemas/components/responses/NotFoundSchema';
export { PathwaysSchema } from '././schemas/requests/PathwaysSchema';
export { PathwaysByIdSchema } from '././schemas/requests/PathwaysByIdSchema';
export { PathwaysSequencesSchema } from '././schemas/requests/PathwaysSequencesSchema';
export { SequenceByIdSchema } from '././schemas/requests/SequenceByIdSchema';

export { PathwaysService } from '././services/PathwaysService';
export { SequencesService } from '././services/SequencesService';
export { IngredientsService } from '././services/IngredientsService';
export { AdvancementService } from '././services/AdvancementService';

export { ClientOptions, createClient } from './createClient';
